[hps-dz.com/index.html]
[hps-dz.com/favicon.svg]
[backblue.gif]
[fade.gif]
[index.html]
[hps-dz.com/build/assets/app.f25349e3.css]
[hps-dz.com/build/assets/app.eb7181e4.css]
[hps-dz.com/build/assets/app.1fc95740.js]
[hps-dz.com/produits.html]
[hps-dz.com/a-propos.html]
[hps-dz.com/qualite-et-environnement.html]
[hps-dz.com/contact.html]
[hps-dz.com/login.html]
[hps-dz.com/register.html]
[hps-dz.com/images/gsh.svg]
[hps-dz.com/recrutement.html]
[hps-dz.com/storage/879/1c5r5xbKGsBMqwXwhDD719cxDNyEZ2-metacmV2MDEuanBn-.jpg]
[hps-dz.com/storage/415/GzGHMO7qvCtqDlEgXM3A7v0dMyQ8rj-metaRFNDMDYzNDIgY29waWUuanBn-.jpg]
[hps-dz.com/storage/874/DLtEiVojufmKAd9MrytUIFcLOrreNN-metaZGhkYi5qcGc=-.jpg]
[hps-dz.com/storage/458/oAlLXRZShJnhyQ049mKnS3JGDBBhsL-metaX0RTQzY4MDIuSlBH-.jpg]
[hps-dz.com/storage/876/FWlreTKKHuBd3cVMUG6HR18fmP5J3G-metaX0RTQzY5MjkuSlBH-.jpg]
[hps-dz.com/storage/427/evPbPAap6vwNa7pSqrOYb8UTbep6lI-metaZ2ZqZmQuanBn-.jpg]
[hps-dz.com/storage/1017/EvR33MFYWRBGNG2Ot6oT4Q2KQvhew9-metaSFBTIHBhcnRpY2lwZSBhdSBCQVRJTUFURUMgRXhwbyAyMDIzICgxKS5wbmc=-.png]
[hps-dz.com/storage/1123/rspZuCtreMZ0lEjkcrmGoagIFLoizW-metaQ29waWUgZGUgSFBTIHBhcnRpY2lwZSBhdSBCQVRJTUFURUMgRXhwbyAyMDIzICgyKS5wbmc=-.png]
[hps-dz.com/storage/1124/TFgpWcfNNuQ7ScbrJCGhMKSh936hyd-metaSFBTIHBhcnRpY2lwZSBhdSBTSUZGUC5wbmc=-.png]
[hps-dz.com/produits/fenetre.html]
[hps-dz.com/storage/375/OYngVtI8IWLRwdAlmiSvFjsa0iWLcN-metaRmVuZXRyZS5wbmc=-.png]
[hps-dz.com/produits/porte-fenetre.html]
[hps-dz.com/storage/361/lICWDRc13MQZO1fnxqjpE7gtfg2WFR-metaUEYucG5n-.png]
[hps-dz.com/produits/baie-vitree.html]
[hps-dz.com/storage/363/LwczrZ5W2YNOpsTDCBcX8DwP60bFX7-metaQmFpZSB2aXRyw6llLnBuZw==-.png]
[hps-dz.com/produits/porte.html]
[hps-dz.com/storage/362/BaTDAALT19CMVFqnafp4gTWbd63La9-metaUG9ydGUucG5n-.png]
[hps-dz.com/produits/repliable.html]
[hps-dz.com/storage/373/dHHvtjo8MtWvnterMgeeA06tYKZBTq-metaUmVwbGlhYmxlLnBuZw==-.png]
[hps-dz.com/produits/pergola.html]
[hps-dz.com/storage/364/MDSzEjH6edF5TJd5HqIv4C5YQgA1LW-metaUGVyZ29sYS5wbmc=-.png]
[hps-dz.com/produits/brise-soleil.html]
[hps-dz.com/storage/366/i8RN33mYwC5OmpLtamCQFIUB2NTqCT-metaQnJpc2Ugc29sZWlsLnBuZw==-.png]
[hps-dz.com/produits/garde-corps.html]
[hps-dz.com/storage/365/eTcHriYa8nMiupnsXSv8O5iQV11ToQ-metaR2FyZGUgY29ycHMucG5n-.png]
[hps-dz.com/couleurs.html]
[hps-dz.com/images/colors.png]
[hps-dz.com/accessoires.html]
[hps-dz.com/images/accessories.png]
[hps-dz.com/article/gamme-optima-1.html]
[hps-dz.com/storage/871/rfvl78pqXBB6f8ysqsXH84DKeR6jMn-metaU2FucyB0aXRyZS0xLnBuZw==-.png]
[hps-dz.com/article/gamme-pro-1.html]
[hps-dz.com/storage/870/5PCR2scY3nxZxWwB8g1shLCb7MqWml-metacHJvLnBuZw==-.png]
[hps-dz.com/article/gamme-ombra.html]
[hps-dz.com/storage/873/JuW8QR531L2IeBWmfjsHvFuftgieQG-metab21icmEgbG9nbyBtaW5fIDIucG5n-.png]
[hps-dz.com/article/gamme-therma.html]
[hps-dz.com/storage/872/QtiKnCjkIFoNKZUPWupirMsK1tewFE-metadGhlcm1hLnBuZw==-.png]
[hps-dz.com/storage/369/AGaYeYCjnAFj8daJc2BMljzCmrwE2p-metacXVhbGljb2F0LmpwZw==-.jpg]
[hps-dz.com/storage/417/22LFspFuCIMx4TivqjI69zVM0OqNxJ-metacXVhbGFub2QuanBn-.jpg]
[hps-dz.com/storage/428/ZcJBfQK7LAdAP3iDXaJzgR45uaiq4x-metacXVhbGlkZWNvLmpwZw==-.jpg]
[hps-dz.com/storage/429/o7h9V2WBX2ZGXewFcJZVX3QN7db1CA-metaaXNvLmpwZw==-.jpg]
[hps-dz.com/index.html]
[hps-dz.com/favicon.svg]
[hps-dz.com/build/assets/app.f25349e3.css]
[hps-dz.com/mentions-legales.html]
[hps-dz.com/build/assets/exo-2-cyrillic-variable-wghtOnly-normal.4ceb259c.woff2]
[hps-dz.com/build/assets/exo-2-cyrillic-ext-variable-wghtOnly-normal.6d232309.woff2]
[hps-dz.com/build/assets/exo-2-latin-variable-wghtOnly-normal.d2f675f4.woff2]
[hps-dz.com/build/assets/exo-2-latin-ext-variable-wghtOnly-normal.3fcb84b7.woff2]
[hps-dz.com/build/assets/exo-2-vietnamese-variable-wghtOnly-normal.011894ea.woff2]
[hps-dz.com/build/assets/app.eb7181e4.css]
[hps-dz.com/produits.html]
[hps-dz.com/storage/867/HuyAaNq6KBYH173aFFXrDJ28vjR7Ih-metaMTcuanBn-.jpg]
[hps-dz.com/storage/868/61QB7nf2blzpTvP5wr1sX0322RUAqs-metac2FibGFnZSBhIGZhaXJlIGNvcGllLmpwZw==-.jpg]
[hps-dz.com/storage/869/oWTBYiX3LtqowvEK3kgx5bIZi7SOOo-metaRFNDMDYzOTYgY29waWUuanBn-.jpg]
[hps-dz.com/a-propos.html]
[hps-dz.com/storage/322/RRTC6TEADY7lxwoVCyk9M9hyWLO6lO-metaZG93bmxvYWQuanBn-.jpg]
[hps-dz.com/qualite-et-environnement.html]
[hps-dz.com/contact.html]
[hps-dz.com/login.html]
[hps-dz.com/register.html]
[hps-dz.com/images/gsh.svg]
[hps-dz.com/recrutement.html]
[hps-dz.com/forgot-password.html]
[hps-dz.com/produit/h31.html]
[hps-dz.com/storage/488/qcSWaSESE8NJXWbrOQTuIgWnXNFdup-metaSDMxLnBuZw==-.png]
[hps-dz.com/storage/611/b4D2ZOVFUVsJGxxN13MgK4DcUKgdbr-metaaDMxLjAxLmpwZw==-.jpg]
[hps-dz.com/produit/h40.html]
[hps-dz.com/storage/500/vyqRsHeG70BWBGWkRvUNdoGxokXehD-metaSDQwLnBuZw==-.png]
[hps-dz.com/storage/617/4lE13RsfB7efn4xNGWy8CF7tYHjdHW-metaMDEuanBn-.jpg]
[hps-dz.com/produit/h36.html]
[hps-dz.com/storage/489/WMgEfeLxQFImMSZl9RyuCdD4IbpXlv-metaSDM2LnBuZw==-.png]
[hps-dz.com/storage/614/IVMPNpy2wlgcx4OPjCTQvhEaus6HEr-metaMDEuanBn-.jpg]
[hps-dz.com/produit/h52.html]
[hps-dz.com/storage/501/scoFHq9gCucH2T9dKZ7K2djUVr6GAW-metaSDUyLnBuZw==-.png]
[hps-dz.com/storage/638/HzYJW6QHpW3f7q5FFAB63GtqYtUAz2-metaMDEuanBn-.jpg]
[hps-dz.com/produit/h48-t.html]
[hps-dz.com/storage/537/Y1H3OeXpxCUs88AWBW0bqj8ITVgqTG-metaSDQ4dC5wbmc=-.png]
[hps-dz.com/storage/667/iB2DLFFA3hLFUaS9vPodUENPzO2fN6-metaMDEuanBn-.jpg]
[hps-dz.com/produit/h68-t.html]
[hps-dz.com/storage/569/vyCn3gOGFM1I2vf7IuseN74w24eUMD-metaSDY4dC5wbmc=-.png]
[hps-dz.com/storage/641/zs8dVeQ6mKlgzriKUbqyNm2AnePpYN-metaMDEuanBn-.jpg]
[hps-dz.com/produits/fenetre.html]
[hps-dz.com/produit/h40-1.html]
[hps-dz.com/storage/504/yXJcpDvYNkZTDMz0WvEEQxbZQe6HfQ-metaSDQwLnBuZw==-.png]
[hps-dz.com/storage/620/RgjffpvBMCbm16BAYhqeUtVv8waOoc-metaMDEuanBn-.jpg]
[hps-dz.com/produit/h52-1.html]
[hps-dz.com/storage/505/rcm1NCTfWQEa0HM29SZ2JoceIQxVb0-metaSDUyLnBuZw==-.png]
[hps-dz.com/storage/602/XqFmEFEPmc4ed9H6LfU10Tx4gcxf6F-metacGZoNTIuMDEuanBn-.jpg]
[hps-dz.com/produit/h68-t-1.html]
[hps-dz.com/storage/586/EcMATafPZuG2NsaC1TqmBQZxSAqSfj-metaSDY4dC5wbmc=-.png]
[hps-dz.com/storage/649/0uP3rgUuCUlSkdf0CAzAEibrExlO4p-metaMDEuanBn-.jpg]
[hps-dz.com/produits/porte-fenetre.html]
[hps-dz.com/produit/h31-1.html]
[hps-dz.com/storage/516/pzmS4RU26Ihh0Rf8bCeH5zjv1lW7VF-metaSDMxLnBuZw==-.png]
[hps-dz.com/storage/644/5MDWXgMepNO8cObSItEqKtqCGzrBJ1-metaMDEuanBn-.jpg]
[hps-dz.com/produit/h36-1.html]
[hps-dz.com/storage/517/EtC75JlTL8vsbL2GWJaigM89IymE2f-metaSDM2LnBuZw==-.png]
[hps-dz.com/storage/629/BmxUgPs4ezAKcidofd6URbcowwWIx1-metaMDEuanBn-.jpg]
[hps-dz.com/produit/h46.html]
[hps-dz.com/storage/511/wE5z9x6Ar80dDv80MVlirUqoff2pfq-metaSDQ2LnBuZw==-.png]
[hps-dz.com/storage/632/Adnw4X3hvqKYNTjUBH8DZNW6XTywGI-metaMDEuanBn-.jpg]
[hps-dz.com/produit/h48-t-1.html]
[hps-dz.com/storage/560/yzRc4Fnkt6PHj8VabD4lVHy1932AYZ-metaSDQ4dC5wbmc=-.png]
[hps-dz.com/storage/635/XeLqX3IpIv7Bwkh9eLS4EFjsBI51zU-metaMDEuanBn-.jpg]
[hps-dz.com/produits/baie-vitree.html]
[hps-dz.com/produit/h40-2.html]
[hps-dz.com/storage/506/NN8z2TNnKT0tnMsMqLsjWoMHIO4uvM-metaSDQwLnBuZw==-.png]
[hps-dz.com/storage/623/Al8gkJV0fEuWHfoOKck9nFFziit87D-metaMDEuanBn-.jpg]
[hps-dz.com/produit/h52-2.html]
[hps-dz.com/storage/507/vMqHFl1rcTrKAPK7EekDvPtnf72bSx-metaSDUyLnBuZw==-.png]
[hps-dz.com/storage/626/ab0VFMFa2HwyTvBjsRWLi8EcbOlRLh-metaMDEuanBn-.jpg]
[hps-dz.com/produits/porte.html]
[hps-dz.com/produit/h21-repliable.html]
[hps-dz.com/storage/509/nD0t8FG9Wtpp1UpBePAYnSadsxXPHH-metaSDIxLnBuZw==-.png]
[hps-dz.com/storage/664/ziXsB8AH0oeUP7bMkH5WX43jmUkJe6-metaMDQuanBn-.jpg]
[hps-dz.com/produits/repliable.html]
[hps-dz.com/produit/h125.html]
[hps-dz.com/storage/534/VXlDUIZyk78Pdb0Bx459CxsKSSMN7J-metaRmljaGllciAxQDR4LnBuZw==-.png]
[hps-dz.com/storage/497/vRuEXkSzVXiJJLDQ51kc06jISTha7K-metaSDEyNS4zLmpwZw==-.jpg]
[hps-dz.com/produits/pergola.html]
[hps-dz.com/produit/h21-coulissant.html]
[hps-dz.com/storage/510/YDZ9KfdiwRaaoHuZ1IQua7c2eIaQFH-metaSDIxLnBuZw==-.png]
[hps-dz.com/storage/493/zGUQWpIqkYlYZ7cDpCKWelWykBKSgx-metaSDIxLjEuanBn-.jpg]
[hps-dz.com/produits/brise-soleil.html]
[hps-dz.com/produit/h06.html]
[hps-dz.com/storage/508/BETw19PO9nYx5MBh6mnaDl4QI6joWj-metaSDA2LnBuZw==-.png]
[hps-dz.com/storage/605/yq2NsUwapAptCf6nhlEKnBKxxsD75B-metaaDA2LjAxLmpwZw==-.jpg]
[hps-dz.com/produits/garde-corps.html]
[hps-dz.com/storage/131/msJcZU18cZvVe5QFhrnlo5bk8vu3kp-metaOTAxNi5qcGc=-.jpg]
[hps-dz.com/storage/132/cAsgxAy5iVQ5yVPGnNunYdDn0YWFNo-metaNzAyNC5qcGc=-.jpg]
[hps-dz.com/storage/140/r7tSRdnfRnzblmz8R5JEwJlBKvX1Fh-metaNzAzMS5qcGc=-.jpg]
[hps-dz.com/storage/133/G6jj9y8o1ov2wJ6BcE7OE8LRsWaj48-metaOTAwNS5qcGc=-.jpg]
[hps-dz.com/storage/134/ZzXfGbkDYPjKNnWr63NyXwbxdYbXTg-metaMTAxNS5qcGc=-.jpg]
[hps-dz.com/storage/135/DT0vuASrfiJtcHr4Uzw0jY8Itk81zp-metaNzAzOS5qcGc=-.jpg]
[hps-dz.com/storage/136/VNWUBKNkSunmy7iS8aaVEdmi9qpZyU-metaODAxNC5qcGc=-.jpg]
[hps-dz.com/storage/138/HBC7zqkVGQqFpkWK1unFdCmiXpKon2-metaQU5CVC5qcGc=-.jpg]
[hps-dz.com/storage/137/6maIUdzeexgNZMCwH63gze4s0Xa1WO-metaQU5DSC5qcGc=-.jpg]
[hps-dz.com/storage/141/OHpScDsyRb47WY0PRIVGvn8XM9wgtn-metaQU5OUi5qcGc=-.jpg]
[hps-dz.com/storage/243/CLUwcvp6PkViw4n94vI5W2ftbuW7pL-metaRUZGQi5qcGc=-.jpg]
[hps-dz.com/couleurs.html]
[hps-dz.com/storage/23/V4Uo9Gby01yUJ4C3M2PNYpoHMUtWvu-metaOEJYWFgtMjQyMjAuanBn-.jpg]
[hps-dz.com/storage/22/gFogUtPv4YYZkvDmQGDa5xKb0tUGNk-metaOEJYWFgtMjQyMTAuanBn-.jpg]
[hps-dz.com/storage/20/Ph2TBtHYO2QA8B7VJSPkq3ZzVZk70z-metaOEJYWFgtMjIyMTAuanBn-.jpg]
[hps-dz.com/storage/21/V2obDFDW8b0chtNGuAZqmvaxrpywz5-metaOEJYWFgtMjIyMjAuanBn-.jpg]
[hps-dz.com/storage/29/xXbZCzkEkcoraCMbn0p4vV1mXUdwKo-metaOENYWFggNjMxMTAuanBn-.jpg]
[hps-dz.com/storage/31/lS6tmcYnZrsFsFkSUnnh4WR9mUHYqN-metaOENYWFggNjMyMTAuanBn-.jpg]
[hps-dz.com/storage/30/RCjbizkibTQta5pnkJu9VdYPX4uh3g-metaOENYWFggNjMxMjAuanBn-.jpg]
[hps-dz.com/storage/32/XR67LVKdZm0QqbaJGpbx8HJkVHPEPy-metaOENYWFggNjMyMjAuanBn-.jpg]
[hps-dz.com/storage/33/UdpGMwUIWAFneJxXGQS3BnlZ98OVEa-metaOENYWFggNjMzMjAuanBn-.jpg]
[hps-dz.com/storage/99/cl9Rvo2VQnSvQ5cK8j0DVtUM9Pj8Hw-metaOENGNDYgNjgxMDAuanBn-.jpg]
[hps-dz.com/storage/100/NoY3QDgvO2TkhuhTtNZZNLutZQv6c7-metaOENGNDYgNjgxMTAuanBn-.jpg]
[hps-dz.com/storage/101/ZOmiVti6DzEit1HANNEIiMUEH2h2gu-metaOENGNDYgNjgxMTEuanBn-.jpg]
[hps-dz.com/storage/655/eqW1tNQkTQM2IHW9t3tSSSzNgrqSA6-metaMjQyMzAuanBn-.jpg]
[hps-dz.com/storage/670/7V7L7rgffTlVbwTBB3mm5KvOCTOrnx-metaNjM0MjAuanBn-.jpg]
[hps-dz.com/storage/671/V18MUb17LQmUL1kv7Pm8S5Zs3LTuTZ-metaNDIyMzAuanBn-.jpg]
[hps-dz.com/storage/26/7cFWKDl6wkUKTnpJaTtTffO11mGPok-metaOENGMzEtNjIwMTAuanBn-.jpg]
[hps-dz.com/storage/27/JYmGouXw9RR3Yvc7R1V7Tv6Xnkk6Qp-metaOENGMzEtNjIwMjAuanBn-.jpg]
[hps-dz.com/storage/265/IfjDUqztkgAMpHQfzCD2pmofIZTARw-metaOFhGMjEgODExMjAuanBn-.jpg]
[hps-dz.com/storage/24/PvmhWpp4tUcf2DOOEDIqUV0TOKcB4J-metaOEJYWFgtMjQxMTEuanBn-.jpg]
[hps-dz.com/storage/25/FMgZqQcuIzX18o4g1j3NzFT2MquAMR-metaOEJYWFgtMjQxMTIuanBn-.jpg]
[hps-dz.com/storage/93/QvKFiztmun8GvP7Qc3wtJrNotMpLMg-metaNEdDMDYgNjAxMTAuanBn-.jpg]
[hps-dz.com/storage/94/U1krkRHwLDHjtSTPTzDVIZIDevUx3H-metaNEdDMDYgNjAxMjAuanBn-.jpg]
[hps-dz.com/storage/95/8E6hD5SVZKQLGd8g0iyeq2KSp9xyuR-metaNEdDMDYgNjAxNDAuanBn-.jpg]
[hps-dz.com/storage/96/MzexxA0eVW0XdqrJrFQ3IRTzieFZzo-metaNEdDMDYgNjAxNjAuanBn-.jpg]
[hps-dz.com/storage/97/SgY0Faqs4OSVvpEy60rmPJl2O8eNBh-metaNEdDMDYgNjA0MTAuanBn-.jpg]
[hps-dz.com/storage/262/kcATvlFdtgvDTrsESGnl2b5QJJBiYa-metaOFhGMjEgODAxNDAuanBn-.jpg]
[hps-dz.com/storage/263/1TlfZzq9CgyGzs3NvwZTpXlLEkS57W-metaOFJGMjEgODAxNTAuanBn-.jpg]
[hps-dz.com/storage/264/dIUWJTBRdcuXZExwoqUyUc1WfEJbla-metaOFhGMjEgODExMTAuanBn-.jpg]
[hps-dz.com/storage/484/pEbKrPfOIsyvPbW19HNmCcBHmCfz2H-metaMTEzOTcuanBn-.jpg]
[hps-dz.com/storage/485/9tScQa3Sd0oQQPZutbAxmumfIo1QzI-metaMTAxMjAuanBn-.jpg]
[hps-dz.com/storage/18/ZMUDW04iE0gKFebYbWUVAjEJAc1qwO-metaOEJYWFgtMjIwMTQuanBn-.jpg]
[hps-dz.com/storage/17/HO90POTmBcBhRNYQD7xpVuVoKo3FDW-metaOEJYWFgtMjIwMTIuanBn-.jpg]
[hps-dz.com/storage/19/neMmK0FProq4Oa4pTKWRmhYB9Bp8um-metaOEJYWFgtMjIwMTYuanBn-.jpg]
[hps-dz.com/accessoires.html]
[hps-dz.com/article/gamme-optima-1.html]
[hps-dz.com/article/gamme-pro-1.html]
[hps-dz.com/article/gamme-ombra.html]
[hps-dz.com/article/gamme-therma.html]
[hps-dz.com/mentions-legales.html]
[hps-dz.com/forgot-password.html]
[hps-dz.com/storage/378/FOxZgffBdZSfZ7lBJHW96Bv80yUiy4-metaRmljaGllciA1QDR4LnBuZw==-.png]
[hps-dz.com/storage/612/3atlFc9xjlnwumvWUYWC5M1Ku18rWt-metaaDMxLjAyLmpwZw==-.jpg]
[hps-dz.com/storage/613/9hWkfe8r2WG0c6Bv59sp3POtlrCPtM-metaaDMxLjAzLmpwZw==-.jpg]
[hps-dz.com/storage/672/Vcre0hpTUHP3pnxDcfYKDRBek9I0QE-metaSDMxLjAyLmpwZw==-.jpg]
[hps-dz.com/storage/673/1HpYRTlTXmEMAC0ZOXNO03r7QQ1FIj-metaSDMxLjAzLmpwZw==-.jpg]
[hps-dz.com/storage/674/Uzt1yec5LmXYA7t1lA3Trez18SGsVj-metaSDMxLjA0LmpwZw==-.jpg]
[hps-dz.com/storage/675/BYXDt2UlifVwxH0SlY1SfnqpwAnHFX-metaSDMxLjA1LmpwZw==-.jpg]
[hps-dz.com/storage/676/1pDFcgZxkJzjp06HWUXzlYXIkmnio7-metaSDMxIDAxIEEuanBn-.jpg]
[hps-dz.com/storage/677/SMn9Gt9AUtmORWJDNYvSG7CQDw5k4j-metaSDMxIGltYWdlIDAxLmpwZw==-.jpg]
[hps-dz.com/storage/678/i1Gjzodn84wYl8ZbXkpkxBeyqZcxw3-metaSDMxIGltYWdlIDAyLmpwZw==-.jpg]
[hps-dz.com/storage/679/DKzs81AXmfaDqnbi1j45ehb5kB3SFQ-metaSDMxIGltYWdlIDAzLmpwZw==-.jpg]
[hps-dz.com/storage/680/0oWzsjE4X5X2xFRTYQGtEAlke0f9Sh-metaSDMxIGltYWdlIDA0LmpwZw==-.jpg]
[hps-dz.com/storage/681/kd7MsMpmYNNLyhlE65fAANNsXNUerm-metaSDMxIGltYWdlIDA1LmpwZw==-.jpg]
[hps-dz.com/storage/682/3ofGLqlRhfp34KL7KmJzujDpm8yg5l-metaSDMxIGltYWdlIDA2LmpwZw==-.jpg]
[hps-dz.com/storage/683/k3jYTUoKr4LGTV6njAOE0VIGy7sQ1P-metaSDMxIGltYWdlIDA3LmpwZw==-.jpg]
[hps-dz.com/storage/684/QkHocc8MpQInYdYIGT7Rruo6NFzjH5-metaSDMxLjAxLmpwZw==-.jpg]
[hps-dz.com/images/pdf.png]
[hps-dz.com/images/xlsx-catalogue.png]
[hps-dz.com/produit/h31.html]
[hps-dz.com/storage/380/oUHKVvkLLBNGEH4LmKUYP64RxSdudx-metaRmljaGllciAyQDR4LnBuZw==-.png]
[hps-dz.com/storage/618/XNpI438l3Wv6VvabMibrVVcHAIPo4n-metaMDIuanBn-.jpg]
[hps-dz.com/storage/619/7xNIvxCoh9EhgZ0fVVlB9YcDVmhE7p-metaMDMuanBn-.jpg]
[hps-dz.com/storage/690/3bUJiWxaf36OqF4ieOf77bnxbR8u7I-metaSDQwIDAxLjMuanBn-.jpg]
[hps-dz.com/storage/691/oAk9OkraWFBiCDWdjGhWFAN37qx9Sk-metaSDQwIGNlbnRyYWwuNC5qcGc=-.jpg]
[hps-dz.com/storage/692/kAgIrzFaTt1Qt5zND9nfoO2tfiCfFk-metaSDQwLjAxLmpwZw==-.jpg]
[hps-dz.com/storage/693/WbMH5XrBZsd2ifJkzPIHzUvkDGjmVA-metaSDQwLjAyLmpwZw==-.jpg]
[hps-dz.com/storage/694/VwDWLxg4cEEyIH8SsWiIGEsBL0mp1A-metaSDQwLjAzLmpwZw==-.jpg]
[hps-dz.com/storage/695/HgWk5clxK1HrhKj2MdHhzWgz5NXLGp-metaSDQwLjA0LmpwZw==-.jpg]
[hps-dz.com/storage/696/kFaKl7H9A2Ylrcv39FkVPNjR39ZKZG-metaSDQwLjA1LmpwZw==-.jpg]
[hps-dz.com/produit/h40.html]
[hps-dz.com/storage/379/wxMgP1AWstYE2EngsIC5ipRpOZUPHa-metaRmljaGllciA0QDR4LnBuZw==-.png]
[hps-dz.com/storage/615/LvDVxnlhRSae5JNLnwLVOBy1xBlhRP-metaMDMuanBn-.jpg]
[hps-dz.com/storage/616/yy12ly77WztFFTJhQ8bsu6VhsmQGbF-metaMDIuanBn-.jpg]
[hps-dz.com/storage/697/WrXbRIOQlNxbwtZQiaMOuJFZu245LX-metaSDM2IGltYWdlIDAxLmpwZw==-.jpg]
[hps-dz.com/storage/698/gM7q0nryzezlbITy0IAOcvJysGZxzf-metaSDM2IGltYWdlIDAyLmpwZw==-.jpg]
[hps-dz.com/storage/699/b9u9J14ibwXfrrTpzsmGGinGq8GghZ-metaSDM2IGltYWdlIDAzLmpwZw==-.jpg]
[hps-dz.com/storage/700/0BzleOp9RnInlqrEWoDNOYZ6CNSAVb-metaSDM2IGltYWdlIDA0LmpwZw==-.jpg]
[hps-dz.com/storage/701/ZDwt3nbsP5fDT4TFyUaapGskHY2QzC-metaSDM2LjAxLmpwZw==-.jpg]
[hps-dz.com/storage/702/E1fP0AHUE4UNaDxbdlQBY5tD5Y7N9C-metaSDM2LjAyLmpwZw==-.jpg]
[hps-dz.com/storage/703/Jkdwc7UpwvJmAnyYybX32VYsGAyCST-metaSDM2LjA0LmpwZw==-.jpg]
[hps-dz.com/storage/704/ZlmklYhrDmXFZ6XZHhQCwGAMBZZQvE-metaSDM2LjAzLmpwZw==-.jpg]
[hps-dz.com/storage/705/n31PCSinvFMjovpAS1mR3yCB1WTznP-metaSDM2LjA1LmpwZw==-.jpg]
[hps-dz.com/produit/h36.html]
[hps-dz.com/storage/381/VOKInANm8tUxaGpohjPrDFKKuPdxmT-metaRmljaGllciAzQDR4LnBuZw==-.png]
[hps-dz.com/storage/639/hxzqf1stDsCc7EM7nd14wBQUgRieP6-metaMDMuanBn-.jpg]
[hps-dz.com/storage/640/jhJZ4Zux3R92jPkfQTrPlwWyXfrX4n-metaMDIuanBn-.jpg]
[hps-dz.com/storage/706/sMLVxV0tOLgdXL3xuyHgB9Hd9a1kvr-metaSDUyLjExLmpwZw==-.jpg]
[hps-dz.com/storage/707/t4SbLE3JK8jc8tIPdkbRE0Ein9WwTn-metaSDUyLjA5LmpwZw==-.jpg]
[hps-dz.com/storage/708/4QxRNIyb0248TI4JleGd2VpxiPkbCT-metaSDUyLjA4LmpwZw==-.jpg]
[hps-dz.com/storage/709/BCQVRMvYoBHxjKlVd3qFUt591TzIJs-metaSDUyLjA3LmpwZw==-.jpg]
[hps-dz.com/storage/710/xbk3oc8Q2KTSkgW2kuVM2AqKWpMLhB-metaSDUyLjA2LmpwZw==-.jpg]
[hps-dz.com/storage/711/2ixVVHo5eDXRCZeEEQXblJzzT92OUY-metaSDUyLjA1LmpwZw==-.jpg]
[hps-dz.com/storage/712/MZocXRUcCAbG9dnjKcfv5QeK4dIQdf-metaSDUyLjA0LmpwZw==-.jpg]
[hps-dz.com/storage/713/D6fxc3BhEUuMpwJaQVvx5vPPqvVNXz-metaSDUyLjAzLmpwZw==-.jpg]
[hps-dz.com/storage/714/XnYEGJEQS9RCt0Us9rGQ4cO4Gsv12V-metaSDUyIGltYWdlIDAyLnBuZw==-.png]
[hps-dz.com/storage/715/kWWbpzZ1dFVrzFFEqBeE7fINVWNbqX-metaSDUyIGNvdXZyZS1qb2ludCAwMi5qcGc=-.jpg]
[hps-dz.com/storage/716/81ZxkiFo63nTncA5aWbfMXZSLas7ok-metaSDUyLjAyLmpwZw==-.jpg]
[hps-dz.com/storage/717/akqtI2SWjoPqkKTQkgLzZz16YlyEnH-metaSDUyLjAxLmpwZw==-.jpg]
[hps-dz.com/storage/718/yRswUdzJ6yPfwWJZNufEelFt9Cde08-metaSDUyIGltYWdlIDA0LmpwZw==-.jpg]
[hps-dz.com/storage/719/9kOIf1aH5LNqZCAItwWmzNdlEhJSK9-metaSDUyIGltYWdlIDAzLmpwZw==-.jpg]
[hps-dz.com/storage/720/oTQqu3YsR798XE3mFv7wOrPoVjZbGi-metaSDUyIGNvdXZyZS1qb2ludCAwMS5qcGc=-.jpg]
[hps-dz.com/storage/721/I4m1AyZX4DbTLWpee5FTSm7W0CkTgm-metaSDUyIGltYWdlIDAxLmpwZw==-.jpg]
[hps-dz.com/storage/722/OnakaQn2AOfMYPdEQ8Su5sDSDS1qhd-metaSDUyIGNvdXZyZS1qb2ludCAwMy5qcGc=-.jpg]
[hps-dz.com/produit/h52.html]
[hps-dz.com/storage/404/uxeDrHVTP7ffjc82xNL5wWFVFr67GE-metaRmljaGllciAxMUA0eC5wbmc=-.png]
[hps-dz.com/storage/668/4dpUTmVDcmddx9rrIPyhvmu251DP12-metaMDIuanBn-.jpg]
[hps-dz.com/storage/669/ajTIrXxlINIyldPOegbZPtU2G4CnHc-metaMDMuanBn-.jpg]
[hps-dz.com/storage/723/G5QZXjzXbgdqyOXhMhuzAO7441u1zi-metaSDQ4dC4xLnBuZw==-.png]
[hps-dz.com/storage/724/IJGAkZu6hPfnqIk9RUAd7PjfqiVhMF-metaSDQ4dC4yLnBuZw==-.png]
[hps-dz.com/storage/725/FRkAVPcUKbvfyAAbKvWEszXo1GW32p-metaSDQ4dC4zLnBuZw==-.png]
[hps-dz.com/storage/726/a657MiGYuKRIo5MWj14hasYRxuwEnU-metaSDQ4dC40LnBuZw==-.png]
[hps-dz.com/produit/h48-t.html]
[hps-dz.com/storage/551/lIGFFZ4jkyGeT4ZV10bVCDgtiOCcba-metaRmljaGllciAxMkA0eC5wbmc=-.png]
[hps-dz.com/storage/642/1qjKg44rzXpjZJG238Ru1fSnfpUIi7-metaMDIuanBn-.jpg]
[hps-dz.com/storage/643/Cgb0JSTspIpMGJ1JmcSJMAMnMuoXn3-metaMDMuanBn-.jpg]
[hps-dz.com/storage/780/8WXQzXqj21MThQeaFlpVKv3LkoFTDO-metaX0g2OHQgYmFzZS4xNS5qcGc=-.jpg]
[hps-dz.com/storage/781/Hm2o57VI3zileFcQDZnex2y703BWCi-metaX0g2OHQgYmFzZS4xNC5wbmc=-.png]
[hps-dz.com/storage/782/t9jLqm8felBvDrevXJ6HvkzqJcStU3-metaX0g2OHQgYmFzZS4xNi5qcGc=-.jpg]
[hps-dz.com/storage/783/T8V31n8t3KxwFKZiJuTAEfOVolOACq-metaX0g2OHQgYmFzZS4xNy5wbmc=-.png]
[hps-dz.com/storage/784/QdqNOQYzvzy34cogCQhaVzRT0NXk3s-metaX0g2OHQgYmFzZS4xOC5qcGc=-.jpg]
[hps-dz.com/storage/785/8AhHEpnLMlzLA4RVSMOJFF2QrGLPJ9-metaX0g2OHQgYmFzZS4xOS5wbmc=-.png]
[hps-dz.com/produit/h68-t.html]
[hps-dz.com/storage/384/r63gjM9M3WEAMCTNwiGdhLmKGap6g4-metaRmljaGllciAyQDR4LnBuZw==-.png]
[hps-dz.com/storage/621/bmjzRAFhyhbMr7kTUDZmHm22LZlMwx-metaMDIuanBn-.jpg]
[hps-dz.com/storage/622/Xdk421dJreJqKVzl9x8xC1dsCub3nj-metaMDMuanBn-.jpg]
[hps-dz.com/storage/733/mfK1VvfCcnH0T8wHEJ7IBzxsbwtdFz-metaSDQwIGNlbnRyYWwuNC5qcGc=-.jpg]
[hps-dz.com/storage/734/UsFzfkQG0pchCfkDNbTjcBL7F71m4T-metaSDQwIDAxLjMuanBn-.jpg]
[hps-dz.com/storage/735/mbj0ilOxvaCR034DlDP5zaXdXFTe6t-metaSDQwLjAxLmpwZw==-.jpg]
[hps-dz.com/storage/736/4kLe13SRby7bTKnHzlQKFSPORHZ0jG-metaSDQwLjAyLmpwZw==-.jpg]
[hps-dz.com/storage/737/mK7ke6LjQoq19WvdnMS7Epzpv4zGNB-metaSDQwLjAzLmpwZw==-.jpg]
[hps-dz.com/storage/738/mW8RQjaRKFXTNF6o7sxPqvvJOl0WDY-metaSDQwLjA0LmpwZw==-.jpg]
[hps-dz.com/storage/739/wLVd1Bvl51nPR7NxKzYsOGLoPkfgZ6-metaSDQwLjA1LmpwZw==-.jpg]
[hps-dz.com/produit/h40-1.html]
[hps-dz.com/storage/385/nJdis7w48qTWT1DBtaRoZ6Ucfjuad8-metaRmljaGllciAzQDR4LnBuZw==-.png]
[hps-dz.com/storage/603/tzseKr9DPAlHtocXgrV7HjIv4q4Nx8-metacGZoNTIuMDIuanBn-.jpg]
[hps-dz.com/storage/604/Cy4V3Hp9Kqcm1C3U92TGn31pf68Q1z-metacGZoNTIuMDMuanBn-.jpg]
[hps-dz.com/storage/763/cThx2rwcAP4atbEDhFW5q2gFkClA5m-metaSDUyLjAxLmpwZw==-.jpg]
[hps-dz.com/storage/764/7AfJGRazLVgBC8qtDGTW6Ej6DeFrpF-metaSDUyLjAyLmpwZw==-.jpg]
[hps-dz.com/storage/765/uDE2ypXLXx7J1MoD1CxFl4TFo8zkPk-metaSDUyLjAzLmpwZw==-.jpg]
[hps-dz.com/storage/766/0jPsfIrfkQ6JSn2tX4n9p6dVJ29IYJ-metaSDUyLjA0LmpwZw==-.jpg]
[hps-dz.com/storage/767/D2Ti737tZBq5Fk50LyMSIjYdGQzxi9-metaSDUyLjA1LmpwZw==-.jpg]
[hps-dz.com/storage/768/hcCDe2jtjQ7iCFuzFtyz33xMoLS5Z0-metaSDUyLjA2LmpwZw==-.jpg]
[hps-dz.com/storage/769/208kvjnbk2LOhEEHEhq1S2RejlGJ0f-metaSDUyLjA3LmpwZw==-.jpg]
[hps-dz.com/storage/770/TpwGD0oyVZQu7VsxMF9qcyc8DDfZJN-metaSDUyLjA4LmpwZw==-.jpg]
[hps-dz.com/storage/771/KcgOCmDk4hPtqFq3RYoKNTkvEabt9N-metaSDUyLjA5LmpwZw==-.jpg]
[hps-dz.com/storage/772/AAkgtpzpcimbnO26NTP0svxZpu5Xeq-metaSDUyLjExLmpwZw==-.jpg]
[hps-dz.com/storage/773/4qlYQcMGkObKbeIK1hamL65aWrf9DR-metaSDUyIGNvdXZyZS1qb2ludCAwMS5qcGc=-.jpg]
[hps-dz.com/storage/774/RwSg2j6BZXt9nlwawtjAtF5vSE4Pt2-metaSDUyIGNvdXZyZS1qb2ludCAwMi5qcGc=-.jpg]
[hps-dz.com/storage/775/tOhaZVDRNTqZBEXTFoJ3JhuYDrsAxe-metaSDUyIGltYWdlIDAxLmpwZw==-.jpg]
[hps-dz.com/storage/776/kK69kjop7LOOpKY3PvDisNqiMECvUu-metaSDUyIGNvdXZyZS1qb2ludCAwMy5qcGc=-.jpg]
[hps-dz.com/storage/777/WiBRKd6fJq6k648NzkMuz6gTSkMEhB-metaSDUyIGltYWdlIDAyLmpwZw==-.jpg]
[hps-dz.com/storage/778/B4HBlo7FUGUIYLeAo6T1E0hIGvzNid-metaSDUyIGltYWdlIDAzLmpwZw==-.jpg]
[hps-dz.com/storage/779/BN55inMJ6KNQebizurkMgudWbzhtQe-metaSDUyIGltYWdlIDA0LmpwZw==-.jpg]
[hps-dz.com/produit/h52-1.html]
[hps-dz.com/storage/585/DswZk4aCQ7e3IhCksnS2Q91u3mn4IJ-metaRmljaGllciAxMkA0eC5wbmc=-.png]
[hps-dz.com/storage/648/W4ceuvaPETtARG86pXnZeYaTC0u9Wb-metaMDMuanBn-.jpg]
[hps-dz.com/storage/647/uaudGKDQwq161v7VAWu2iRUtW2A30e-metaMDIuanBn-.jpg]
[hps-dz.com/storage/757/lqWtFLdEUi3K704IK86ry2PX01PDNt-metaX0g2OHQgYmFzZS4xNS5qcGc=-.jpg]
[hps-dz.com/storage/758/QYrRd6znTAidgmUSGVeJnjKLLssj1W-metaX0g2OHQgYmFzZS4xNC5wbmc=-.png]
[hps-dz.com/storage/759/mZYMeAeQymPIUAcZ7oOexY6T0RzZsK-metaX0g2OHQgYmFzZS4xNi5qcGc=-.jpg]
[hps-dz.com/storage/760/2I31yOPeDTGwTIJdmtdxZwxk6mmpvz-metaX0g2OHQgYmFzZS4xNy5wbmc=-.png]
[hps-dz.com/storage/761/4AAWu9qzIR9GO2Tg1DJb83mbZazTlD-metaX0g2OHQgYmFzZS4xOC5qcGc=-.jpg]
[hps-dz.com/storage/762/eg0xqu0J2TLphd26PbsQ3gFwYI4UD2-metaX0g2OHQgYmFzZS4xOS5wbmc=-.png]
[hps-dz.com/produit/h68-t-1.html]
[hps-dz.com/storage/460/lnPL1dLFmqa8D4R6QxxjZFtnpXoHnv-metaRmljaGllciA1QDEuNXgucG5n-.png]
[hps-dz.com/storage/645/Flp2McYoHZNIBrCwAFj8Peb6e4a0R5-metaMDIuanBn-.jpg]
[hps-dz.com/storage/646/C3i2SJdJfII57Um9Bclcsla2R9neqR-metaMDMuanBn-.jpg]
[hps-dz.com/storage/814/fLhVMBGPeO9luj2LYBmgy3EWVSmExG-metaSDMxLjAxLmpwZw==-.jpg]
[hps-dz.com/storage/815/ZO079f69qcAay1FJjGCq7UON3Iacyl-metaSDMxLjAyLmpwZw==-.jpg]
[hps-dz.com/storage/816/kz71fFY0GxaXCkxU0o7BlkcR8NyQwI-metaSDMxLjAzLmpwZw==-.jpg]
[hps-dz.com/storage/817/slWveJhxOfYvSfcZnrUthrfErshLvQ-metaSDMxLjA0LmpwZw==-.jpg]
[hps-dz.com/storage/818/2CNOjxPQLOXkXgdOrKiCqQ3whXp23D-metaSDMxLjA1LmpwZw==-.jpg]
[hps-dz.com/storage/819/QaoYwpIXuOUU4m43EInaqqyPcWZT2c-metaSDMxIDAxIEEuanBn-.jpg]
[hps-dz.com/storage/820/8jXf6e3FNGDofmjVlSBzQyxf1VM5CS-metaSDMxIGltYWdlIDAxLmpwZw==-.jpg]
[hps-dz.com/storage/821/dnRdyCILv2yOxOdQndMOfDFbbHS6Vk-metaSDMxIGltYWdlIDAyLmpwZw==-.jpg]
[hps-dz.com/storage/822/xTzjdNOGmrxk8dSI1cJEN9Xqhh3Z1F-metaSDMxIGltYWdlIDA0LmpwZw==-.jpg]
[hps-dz.com/storage/823/EaDthOlQkehlbvAHoCTeJlcWee9Ugo-metaSDMxIGltYWdlIDAzLmpwZw==-.jpg]
[hps-dz.com/storage/824/XarnbMxV7TvuaYwCo14ZWQRbz999rm-metaSDMxIGltYWdlIDA2LmpwZw==-.jpg]
[hps-dz.com/storage/825/5rRvnK45hXBQ0PB9K6SC8S9ZNe5B17-metaSDMxIGltYWdlIDA1LmpwZw==-.jpg]
[hps-dz.com/storage/826/yEhiOWrErEgA1RHnbEvFiZhCCYZ7VY-metaSDMxIGltYWdlIDA3LmpwZw==-.jpg]
[hps-dz.com/produit/h31-1.html]
[hps-dz.com/storage/474/ARVUIpf4JKWwgBWxVOJy3T3loTQtjb-metaRmljaGllciA0QDR4LnBuZw==-.png]
[hps-dz.com/storage/630/VtG0LBlLMTeUfm4bj6nEXf6Q3hMbRl-metaMDIuanBn-.jpg]
[hps-dz.com/storage/631/zfOCXf4wDu8XSjro1UFSmziR7hpxqo-metaMDMuanBn-.jpg]
[hps-dz.com/storage/827/6rpZbnQtmRUoCJpns0kQDycrV6OU9M-metaSDM2LjA1LmpwZw==-.jpg]
[hps-dz.com/storage/828/2bsy1msHi3pRdMONsOWHtUJlI35PWK-metaSDM2IGltYWdlIDAxLmpwZw==-.jpg]
[hps-dz.com/storage/829/AgO8abMHRsEvtPIq6L24fvCyua25dA-metaSDM2IGltYWdlIDAyLmpwZw==-.jpg]
[hps-dz.com/storage/830/7cqDRHxqWEMxN1asrajbs6NTJDMwNz-metaSDM2IGltYWdlIDAzLmpwZw==-.jpg]
[hps-dz.com/storage/831/SLUwuVq16VYTm9O4EXacfZUacAqTe5-metaSDM2LjAxLmpwZw==-.jpg]
[hps-dz.com/storage/832/MJfrhZFmpM0rzUyO4HJp3xzftY59Zl-metaSDM2IGltYWdlIDA0LmpwZw==-.jpg]
[hps-dz.com/storage/833/dGLKlbA9wJnwmTL0SYzgrxiP19Aht6-metaSDM2LjAyLmpwZw==-.jpg]
[hps-dz.com/storage/834/jPfZncZyB2pgjTacL7Ky5CdoGwgN0s-metaSDM2LjAzLmpwZw==-.jpg]
[hps-dz.com/storage/835/GVT6XIEbiRfpJxHy298paerPimaaTT-metaSDM2LjA0LmpwZw==-.jpg]
[hps-dz.com/produit/h36-1.html]
[hps-dz.com/storage/457/yUVujXkEIF6ZohE6Bes1J23qIKgyS0-metaRmljaGllciA4QDR4LnBuZw==-.png]
[hps-dz.com/storage/634/X4gI3Dv4lJFtBz9ufnBzbh1GgEx3ZG-metaMDIuanBn-.jpg]
[hps-dz.com/storage/633/fhC9stqDWpFz3xI9kzIcCgdZhdTMiu-metaMDMuanBn-.jpg]
[hps-dz.com/storage/836/Jfze6HSIpm9XoLT9Zy1fcC3Ul6zdMO-metaSDQ2IGVzdGF0aWNhLjMuanBn-.jpg]
[hps-dz.com/storage/837/ZmPE5SIfKy4Lg65xOJ8abH2TNyje5i-metaSDQ2IGVzdGF0aWNhLjIuanBn-.jpg]
[hps-dz.com/storage/838/D8j6raDUHmhZoLxc6wNRiVgdPWJrmq-metaSDQ2IGVzdGF0aWNhLjEuanBn-.jpg]
[hps-dz.com/storage/839/3JvEQcNC3Dhl0im9QuUbKC8zqfnkBQ-metaSDQ2IGVzdGF0aWNhLjQuanBn-.jpg]
[hps-dz.com/produit/h46.html]
[hps-dz.com/storage/559/rIWF40iTlcpgYNdN2NHqFgnJUcvuMi-metaRmljaGllciAxMUA0eC5wbmc=-.png]
[hps-dz.com/storage/636/qXXy5gHRin9SwcnB0sgkhxY9TTpX7Y-metaMDIuanBn-.jpg]
[hps-dz.com/storage/637/hROpr03E1OWhOrqRdB4Qc2lJYj4w0e-metaMDMuanBn-.jpg]
[hps-dz.com/storage/840/gTyQLkOr6B9Zkw3r4b46qGiHONMDW4-metaSDQ4dC4xLnBuZw==-.png]
[hps-dz.com/storage/841/QEEy58P0SoviHarN1arOi2YMFvPXAo-metaSDQ4dC4yLnBuZw==-.png]
[hps-dz.com/storage/842/histmfsxAItBPY8RYJZZDx8M1Wpw36-metaSDQ4dC4zLnBuZw==-.png]
[hps-dz.com/storage/843/8raZMo6VNuzHy4XUDHWt2FBwR3vueo-metaSDQ4dC40LnBuZw==-.png]
[hps-dz.com/produit/h48-t-1.html]
[hps-dz.com/storage/386/vhxwN8QAr16WW5zLY512adLMriybff-metaRmljaGllciAyQDR4LnBuZw==-.png]
[hps-dz.com/storage/624/fvbznZVGmvYhlhoX1EkfZDb7ja3lwL-metaMDMuanBn-.jpg]
[hps-dz.com/storage/625/yqawyJLOJ6zhMBtbf08V9Vfb5Zmq0f-metaMDIuanBn-.jpg]
[hps-dz.com/storage/786/jUGrcMCamO14QO91C8KgnNaWsOjIfG-metaSDQwIGNlbnRyYWwuNC5qcGc=-.jpg]
[hps-dz.com/storage/787/Zu19oBEo1DDBvkgH3kf4GLdTeF2rcx-metaSDQwIDAxLjMuanBn-.jpg]
[hps-dz.com/storage/788/cPg3LKoiHAyckH1IgMwxIREcaX2hNk-metaSDQwLjAxLmpwZw==-.jpg]
[hps-dz.com/storage/789/ZjJIYz7JMR8vfHc24R2cg0rFzCUnuy-metaSDQwLjAyLmpwZw==-.jpg]
[hps-dz.com/storage/790/2YnaY9ETXmAJcUm4KWAPvbzn6sfS5W-metaSDQwLjAzLmpwZw==-.jpg]
[hps-dz.com/storage/791/zN3yEYvut90kY1oHyP4wtNPBPNqpFz-metaSDQwLjA0LmpwZw==-.jpg]
[hps-dz.com/storage/792/wcgN9enWusa5YsoG5Uqcy7f2Xjr0Lu-metaSDQwLjA1LmpwZw==-.jpg]
[hps-dz.com/produit/h40-2.html]
[hps-dz.com/storage/387/xNM1SzR0KYE1NGPzfyn37GwCy1ZK4b-metaRmljaGllciAzQDR4LnBuZw==-.png]
[hps-dz.com/storage/627/JUbezC5Xho0QoizWB8bXIJ2dVXbHPv-metaMDMuanBn-.jpg]
[hps-dz.com/storage/628/DyPUqskGiXSXOWap5npjf8ftpac9sa-metaMDIuanBn-.jpg]
[hps-dz.com/storage/793/8B7Jot1XLwRSfnjzlNb5YhX8lED93Y-metaSDUyIGltYWdlIDAyLnBuZw==-.png]
[hps-dz.com/storage/794/uJHeK0tBMi53J8TEqoJs3mMHmW3nB9-metaSDUyLjExLmpwZw==-.jpg]
[hps-dz.com/storage/795/ikBNccjK05R6TAwZPdrPC2Ccv98dZu-metaSDUyIFBPUlRBLmpwZw==-.jpg]
[hps-dz.com/storage/796/xzTYDvFbipMuVZnH4Za6lmcoteQr2c-metaSDUyIFBPUlRBIC0gTk9STUFMLmpwZw==-.jpg]
[hps-dz.com/storage/797/Fsc5MpKo5ILIQP6QezJeDrXMrA6j1W-metaSDUyIFBPUlRBIC0gSFlCUklEQS5qcGc=-.jpg]
[hps-dz.com/storage/798/4bm1FaggPgoZn8gVYIzr6v1vmdSek7-metaSDUyLjA5LmpwZw==-.jpg]
[hps-dz.com/storage/799/ahFZJl6OtQm9PqyBDkNV5FQGAqeGRR-metaSDUyLjA4LmpwZw==-.jpg]
[hps-dz.com/storage/800/Dl4ke8IyW3ccAyvY857FEtiBp0tESw-metaSDUyLjA2LmpwZw==-.jpg]
[hps-dz.com/storage/801/O1ocvlHTxXsKl2RDjylxdLdsF3SctG-metaSDUyLjA3LmpwZw==-.jpg]
[hps-dz.com/storage/802/UuQ4MD7yinDYsbPEixTAjEGcNumVIf-metaSDUyLjA1LmpwZw==-.jpg]
[hps-dz.com/storage/803/oJQNtn2ElTcxeguPta0QxAqSu5ucWL-metaSDUyLjA0LmpwZw==-.jpg]
[hps-dz.com/storage/804/Q2ObXVxl6LOAMYM0A0KKlC7PCf2T0D-metaSDUyLjAzLmpwZw==-.jpg]
[hps-dz.com/storage/805/uEFSdrORyzZ0NzT0wqhWYxTzpj1VjR-metaSDUyLjAyLmpwZw==-.jpg]
[hps-dz.com/storage/806/TBX57ZelfikxmeQCf4XC89h1rRVkoS-metaSDUyLjAxLmpwZw==-.jpg]
[hps-dz.com/storage/807/svgXRljK0Be0nXk9KAkuY4v099V7ut-metaSDUyIGltYWdlIDA0LmpwZw==-.jpg]
[hps-dz.com/storage/808/1YWnFcQVtqo7L7PpbcejJ5Q0bUgKDU-metaSDUyIGltYWdlIDAxLmpwZw==-.jpg]
[hps-dz.com/storage/809/3IZayNbLU6bnYSJJehDD0JeCrgHrpG-metaSDUyIGltYWdlIDAzLmpwZw==-.jpg]
[hps-dz.com/storage/810/SfXAabVbTSpEhgSrbIXPcdx5VOUhU6-metaSDUyIGNvdXZyZS1qb2ludCAwMy5qcGc=-.jpg]
[hps-dz.com/storage/811/vmxwn6NOs3mlGnAZ07jqPLfOW13AsR-metaSDUyIGNvdXZyZS1qb2ludCAwMi5qcGc=-.jpg]
[hps-dz.com/storage/812/s540M0IRRJSypD3VhSzhDntPF4aLQe-metaSDUyIGltYWdlIDAyLmpwZw==-.jpg]
[hps-dz.com/storage/813/m8DwiDSLm4zllgP7KbDW350Rh9H8iK-metaSDUyIGNvdXZyZS1qb2ludCAwMS5qcGc=-.jpg]
[hps-dz.com/produit/h52-2.html]
[hps-dz.com/storage/389/p3wR6FFqOeVIcjsoBcpQCwB9rygv7Q-metaRmljaGllciA3QDR4LnBuZw==-.png]
[hps-dz.com/storage/665/4FFuLnl6nwFiM2hRtODL8aAzuXrTjz-metaMDUuanBn-.jpg]
[hps-dz.com/storage/666/YKHnoYRtTN7bJs7YbWR2sF1YFi5k9z-metaMDYuanBn-.jpg]
[hps-dz.com/storage/661/UTGhFItYaIISSRSBSS2P0l6rcUlwLw-metaMDEuanBn-.jpg]
[hps-dz.com/storage/662/OSG3ikIAVvy7zDSOybqHUYDvLRtYPE-metaMDIuanBn-.jpg]
[hps-dz.com/storage/663/cL0W5nhxOwzXqzUOvy4FQgY4x1uC9x-metaMDMuanBn-.jpg]
[hps-dz.com/storage/853/pRJxbMgmcq1JM55SwspI4YwBPjMgYP-metaSDIxIHJlcGxpYWJsZS44NC4xLmpwZw==-.jpg]
[hps-dz.com/storage/854/2HGGBIzNOZJwZuQnydKOOz8jYXu1HR-metaSDIxIHJlcGxpYWJsZS44NC40MjQuanBn-.jpg]
[hps-dz.com/storage/855/49XRyg7wpEPqG5A6uu79DjcCrcFANl-metaSDIxIHJlcGxpYWJsZS44NC4xMDYwLmpwZw==-.jpg]
[hps-dz.com/storage/856/atlBNETysm0EfrGzy9fDafclh6Xnmz-metaSDIxIHJlcGxpYWJsZS44NC45MzkuanBn-.jpg]
[hps-dz.com/produit/h21-repliable.html]
[hps-dz.com/storage/459/Uqz1uZ9U2QF44AsYgHi41lNpPaMt8n-metaRmljaGllciA2QDR4LnBuZw==-.png]
[hps-dz.com/storage/498/eMwlb9vhiZCOUWePTHdlqK5VYnl2qj-metaSDEyNS4yLmpwZw==-.jpg]
[hps-dz.com/storage/435/O98wgcSnkm8EEvJ01T7xeRqdSEapdF-metaQ2FwdHVyZSBk4oCZw6ljcmFuIDIwMjItMDgtMDkgMDEzMDQyLnBuZw==-.png]
[hps-dz.com/storage/549/aVqOETj2JdQTlDMLnVq808EBW92M3c-metacDEyNS4yLmpwZw==-.jpg]
[hps-dz.com/storage/548/XruMHN681MbgZhzecoYj9oj46A6yEy-metacDEyNS4wMS5qcGc=-.jpg]
[hps-dz.com/storage/436/5hRAHgXTaS0uHs80Fgk0iDbrrODgpE-metaMTEucG5n-.png]
[hps-dz.com/storage/437/taLlxi5nPsVhIUwFPm0KCmsQlNbVaq-metaQ2FwdHVyZSBk4oCZw6ljcmFuIDIwMjItMDgtMDggMjIwMjA3LnBuZw==-.png]
[hps-dz.com/storage/438/oXWD5UOAdBm3JPVoAI9MCK76yv35Cd-metaQ2FwdHVyZSBk4oCZw6ljcmFuIDIwMjItMDgtMDYgMTIxNDM3LnBuZw==-.png]
[hps-dz.com/storage/439/E8dFBXtVGDGkQ3YDhtpZOmXLkiSXPg-metaQ2FwdHVyZSBk4oCZw6ljcmFuIDIwMjItMDgtMDYgMTA1MDQ5LnBuZw==-.png]
[hps-dz.com/storage/440/MgUFl7AaoJNt5yCQOecexKL24vSkzT-metaQ2FwdHVyZSBk4oCZw6ljcmFuIDIwMjItMDgtMDMgMTI0MTM4LnBuZw==-.png]
[hps-dz.com/storage/441/Z1sSv78DmpAWpplfDPGSRqvVTNuenk-metaQ2FwdHVyZSBk4oCZw6ljcmFuIDIwMjItMDgtMDMgMTI0MDQyLnBuZw==-.png]
[hps-dz.com/storage/442/F89YlOlvew7rhOINyyVS8x0BjUg393-metaQ2FwdHVyZSBk4oCZw6ljcmFuIDIwMjItMDgtMDIgMTQzNjA2LnBuZw==-.png]
[hps-dz.com/storage/443/1Pzotuwi41vryoMhDVR1MVyXKpu2YZ-metaQ2FwdHVyZSBk4oCZw6ljcmFuIDIwMjItMDgtMDIgMTQzNDI2LnBuZw==-.png]
[hps-dz.com/produit/h125.html]
[hps-dz.com/storage/390/vTSj9jrKfA5iGxhN0MkRR3Xleq3rWl-metaRmljaGllciA3QDR4LnBuZw==-.png]
[hps-dz.com/storage/494/qpskaN4gCaRMu919h6VE6jSqkiAtNv-metaSDIxLjIuanBn-.jpg]
[hps-dz.com/storage/495/FhvIbnc7ub0Eb80pvSNAhJ3p60lojp-metaSDIxLjMuanBn-.jpg]
[hps-dz.com/storage/857/VLORju6ViF9w0RaJ5zaYfFIVSkstZa-metaSDIxLjAxLmpwZw==-.jpg]
[hps-dz.com/storage/858/fca67T7vb3I9fxHRdMwS3Pvsr1O7iq-metaSDIxLjAyLmpwZw==-.jpg]
[hps-dz.com/storage/859/pZStfIR6jX9qJFM402G6gHsUSqZUsB-metaSDIxLjA0LmpwZw==-.jpg]
[hps-dz.com/storage/860/O3peQnPI74IrRVUdYH3lQVo3ogSJnR-metaSDIxLjA1LmpwZw==-.jpg]
[hps-dz.com/storage/861/fs9tbbGngHd4CLaZp1wwo5fMRgnYOM-metaSDIxLjA3LmpwZw==-.jpg]
[hps-dz.com/storage/862/xdF13e4ORcgDucm1LZgy8j9dBv8UTC-metaSDIxLjA2LmpwZw==-.jpg]
[hps-dz.com/storage/863/YRGl1xK3JqdEHrtud7v8lAVBEUjqsU-metaSDIxLjA4LmpwZw==-.jpg]
[hps-dz.com/storage/864/LY5UkmDFDjIK3cWP94BhN9uI8beNAL-metaSDIxLjA5LmpwZw==-.jpg]
[hps-dz.com/produit/h21-coulissant.html]
[hps-dz.com/storage/388/O2fq4haJbXnQ4qCDJMuON2dRfo8zwr-metaRmljaGllciAxQDR4LnBuZw==-.png]
[hps-dz.com/storage/606/01pappbE7H2E5rfkjl4eKkVshzqkEL-metaaDA2Yi4wMi5qcGc=-.jpg]
[hps-dz.com/storage/607/sS2mn0Xj9Ouq5VLJmRzeM8mIRz4tap-metaaDA2LjAzLmpwZw==-.jpg]
[hps-dz.com/storage/608/CMz5RxD5Jiju2F4AmeiMIAoxDKFIq5-metaaDA2LjAyLmpwZw==-.jpg]
[hps-dz.com/storage/609/K0xQsecJFCK6MShS3cuq4TjSqJF9FT-metaaDA2Yi4wMy5qcGc=-.jpg]
[hps-dz.com/storage/610/Xgc54xXBRgIfI5KiNi0zBZRwBeHda3-metaaDA2Yi4wMS5qcGc=-.jpg]
[hps-dz.com/storage/844/Sw9ElV7tMwCCADf1XNH45ZTUKXHqKs-metaSDA2IEdDIHZlcnJlIDAyIEMuanBn-.jpg]
[hps-dz.com/storage/845/C9yHyKvyH4SzUQ7pq36grF9eKcSa5S-metaSDA2IEdDIGJhcnJldWRhZ2UgQS5qcGc=-.jpg]
[hps-dz.com/storage/846/HOFhiNUSXB91vRzfUEfT3V9RwHBuu9-metaSDA2IEdDIGJhcnJldWRhZ2UgQy5qcGc=-.jpg]
[hps-dz.com/storage/847/cz3vgPE1CFVayW3y17vcWZwRurHJoz-metaSDA2IEdDIGJhcnJldWRhZ2UgQi5qcGc=-.jpg]
[hps-dz.com/storage/848/SRJHoXxb5Mm6qFjYWn21sPETdpeS7m-metaSDA2IEdDIHZlcnJlIDAxIEEuanBn-.jpg]
[hps-dz.com/storage/849/0nOCPus30gf6m1pTPxjPEr53cablri-metaSDA2IEdDIHZlcnJlIDAxIEIuanBn-.jpg]
[hps-dz.com/storage/850/8fHulfhdtOj7hDVBQH11Qv2xH1Gfcc-metaSDA2IEdDIHZlcnJlIDAyIEEuanBn-.jpg]
[hps-dz.com/storage/851/J3Azirm9tsWE0qrJnKawwgKoY0F5ET-metaSDA2IEdDIHZlcnJlIDAxIEMuanBn-.jpg]
[hps-dz.com/storage/852/Qh9hHlz0GuHb4tf0sWolUvZTQ9zTJN-metaSDA2IEdDIHZlcnJlIDAyIEIuanBn-.jpg]
[hps-dz.com/produit/h06.html]
[hps-dz.com/storage/550/4ydntV9khGdCB1CO0f8AJyx3PTonBk-metacDEyNS4zLmpwZw==-.jpg]
