[hps-dz.com/produit/h36.html]
[backblue.gif]
[fade.gif]
[index.html]
[hps-dz.com/build/assets/app.f25349e3.css]
[hps-dz.com/build/assets/app.eb7181e4.css]
[hps-dz.com/build/assets/app.1fc95740.js]
[hps-dz.com/storage/379/wxMgP1AWstYE2EngsIC5ipRpOZUPHa-metaRmljaGllciA0QDR4LnBuZw==-.png]
[hps-dz.com/storage/614/IVMPNpy2wlgcx4OPjCTQvhEaus6HEr-metaMDEuanBn-.jpg]
[hps-dz.com/storage/615/LvDVxnlhRSae5JNLnwLVOBy1xBlhRP-metaMDMuanBn-.jpg]
[hps-dz.com/storage/616/yy12ly77WztFFTJhQ8bsu6VhsmQGbF-metaMDIuanBn-.jpg]
[hps-dz.com/storage/697/WrXbRIOQlNxbwtZQiaMOuJFZu245LX-metaSDM2IGltYWdlIDAxLmpwZw==-.jpg]
[hps-dz.com/storage/698/gM7q0nryzezlbITy0IAOcvJysGZxzf-metaSDM2IGltYWdlIDAyLmpwZw==-.jpg]
[hps-dz.com/storage/699/b9u9J14ibwXfrrTpzsmGGinGq8GghZ-metaSDM2IGltYWdlIDAzLmpwZw==-.jpg]
[hps-dz.com/storage/700/0BzleOp9RnInlqrEWoDNOYZ6CNSAVb-metaSDM2IGltYWdlIDA0LmpwZw==-.jpg]
[hps-dz.com/storage/701/ZDwt3nbsP5fDT4TFyUaapGskHY2QzC-metaSDM2LjAxLmpwZw==-.jpg]
[hps-dz.com/storage/702/E1fP0AHUE4UNaDxbdlQBY5tD5Y7N9C-metaSDM2LjAyLmpwZw==-.jpg]
[hps-dz.com/storage/703/Jkdwc7UpwvJmAnyYybX32VYsGAyCST-metaSDM2LjA0LmpwZw==-.jpg]
[hps-dz.com/storage/704/ZlmklYhrDmXFZ6XZHhQCwGAMBZZQvE-metaSDM2LjAzLmpwZw==-.jpg]
[hps-dz.com/storage/705/n31PCSinvFMjovpAS1mR3yCB1WTznP-metaSDM2LjA1LmpwZw==-.jpg]
[hps-dz.com/images/pdf.png]
[hps-dz.com/images/xlsx-catalogue.png]
[hps-dz.com/storage/29/xXbZCzkEkcoraCMbn0p4vV1mXUdwKo-metaOENYWFggNjMxMTAuanBn-.jpg]
[hps-dz.com/storage/31/lS6tmcYnZrsFsFkSUnnh4WR9mUHYqN-metaOENYWFggNjMyMTAuanBn-.jpg]
[hps-dz.com/storage/30/RCjbizkibTQta5pnkJu9VdYPX4uh3g-metaOENYWFggNjMxMjAuanBn-.jpg]
[hps-dz.com/storage/32/XR67LVKdZm0QqbaJGpbx8HJkVHPEPy-metaOENYWFggNjMyMjAuanBn-.jpg]
[hps-dz.com/storage/33/UdpGMwUIWAFneJxXGQS3BnlZ98OVEa-metaOENYWFggNjMzMjAuanBn-.jpg]
[hps-dz.com/storage/670/7V7L7rgffTlVbwTBB3mm5KvOCTOrnx-metaNjM0MjAuanBn-.jpg]
[hps-dz.com/produit/h36.html]
[hps-dz.com/build/assets/app.f25349e3.css]
[hps-dz.com/build/assets/exo-2-cyrillic-variable-wghtOnly-normal.4ceb259c.woff2]
[hps-dz.com/build/assets/exo-2-cyrillic-ext-variable-wghtOnly-normal.6d232309.woff2]
[hps-dz.com/build/assets/exo-2-latin-variable-wghtOnly-normal.d2f675f4.woff2]
[hps-dz.com/build/assets/exo-2-latin-ext-variable-wghtOnly-normal.3fcb84b7.woff2]
[hps-dz.com/build/assets/exo-2-vietnamese-variable-wghtOnly-normal.011894ea.woff2]
[hps-dz.com/build/assets/app.eb7181e4.css]
